[www.clicktorelease.com/code/codevember-2016/19/index.html]
[backblue.gif]
[fade.gif]
[index.html]
[www.clicktorelease.com/cdn-cgi/apps/head/EITrDSV-B1Ztm8rwb4ysI9ep7Dk.js]
[www.clicktorelease.com/code/codevember-2016/css/styles.css]
[www.clicktorelease.com/code/codevember-2016/js/OrbitControls.js]
[www.clicktorelease.com/code/codevember-2016/js/DeviceOrientationControls.js]
[www.clicktorelease.com/code/codevember-2016/js/Maf.js]
[www.clicktorelease.com/code/codevember-2016/js/CurveExtras.js]
[www.clicktorelease.com/code/codevember-2016/js/three.js]
[www.clicktorelease.com/code/codevember-2016/js/Common.js]
[www.clicktorelease.com/code/codevember-2016/js/isMobile.min.js]
[www.clicktorelease.com/code/codevember-2016/assets/palette4.png]
[www.clicktorelease.com/code/codevember-2016/assets/palette4-glow.png]
[www.clicktorelease.com/code/codevember-2016/assets/palette3.png]
[www.clicktorelease.com/code/codevember-2016/assets/palette3-glow.png]
[www.clicktorelease.com/code/codevember-2016/assets/lens-flare.jpg]
[www.clicktorelease.com/code/codevember-2016/19/index.html]
[www.clicktorelease.com/code/codevember-2016/css/styles.css]
